[8;0H
_______________________________________________________________________________
[1;37m
                   ´úÂë: [1;35m%Err%[1;37m

                   ÃèÊö: [1;36m%Msg%[1;37m

                   ¶¯×÷: [1;33m%Act%[1;37m


                   [1;37;41m°´"0" NGÉÏÅ×,"8" Linux,"9" NT[0m
 
                   [1;37;42m%BatchFile%[0m
